Microchip MPLAB XC8 Compiler V2.32

Linker command line:

-W-3 --edf=D:\Program Files\Microchip\xc8\v2.32\pic\dat\en_msgs.txt -cn \
  -h+Output\DCF77_Funkuhr.sym --cmf=Output\DCF77_Funkuhr.cmf -z -Q16F73 \
  -oC:\Users\Carst\AppData\Local\Temp\xcAsbqk.4 -MOutput/DCF77_Funkuhr.map \
  -E1 -ver=XC8 Compiler --acfsm=1493 -ASTACK=0C8h-0FDh -pstack=STACK \
  -ACODE=00h-07FFhx2 -ASTRCODE=00h-0FFFh -ASTRING=00h-0FFhx16 \
  -ACONST=00h-0FFhx16 -AENTRY=00h-0FFhx16 -ABANK0=021h-07Dh \
  -ABANK1=0A0h-0FDh -ARAM=021h-07Dh,0A0h-0FDh -AABS1=020h-07Fh,0A0h-0FFh \
  -ACOMMON=07Eh-07Fh -ASFR0=00h-020h -ASFR1=080h-09Fh -ASFR2=0100h-017Dh \
  -ASFR3=0180h-01FDh -ACONFIG=02007h-02007h -DCONFIG=2 \
  -AIDLOC=02000h-02003h -DIDLOC=2 -DCODE=2 -DSTRCODE=2 -DSTRING=2 -DCONST=2 \
  -DENTRY=2 -preset_vec=00h,intentry=04h,init,end_init -ppowerup=CODE \
  -pcinit=CODE -pfunctab=ENTRY -k Output\startup.o Output\DCF77_Funkuhr.o 

Object code version is 3.11

Machine type is 16F73



                Name                               Link     Load   Length Selector   Space Scale
Output\startup.o
                end_init                             12       12        2        8       0
                init                                  F        F        3        8       0
                reset_vec                             0        0        3        0       0
                config                             2007     2007        1        0       4
Output\DCF77_Funkuhr.o
                cinit                                14       14       1B        8       0
                intentry                              4        4        B        8       0
                config                             2007     2007        1        0       4
                text19                              E29      E29       65     1C52       0
                text18                              D97      D97       46     1B2E       0
                text17                              D5B      D5B       3C     1AB6       0
                text16                              6A6      6A6       F8        8       0
                text15                              CDB      CDB       17     19B6       0
                text14                              DDD      DDD       4C     1BBA       0
                text13                              D2E      D2E       2D     1A5C       0
                text12                              F40      F40       C0     1E80       0
                text11                              79E      79E       4C        8       0
                text10                              CBB      CBB        F     1976       0
                text9                               C8F      C8F        A     191E       0
                text8                               C99      C99        B     1932       0
                text7                               CA4      CA4        B     1948       0
                text6                               7EA      7EA       15        8       0
                text5                               D0D      D0D       21     1A1A       0
                text4                               2D1      2D1      227        8       0
                text3                               E8E      E8E       B2     1D1C       0
                text2                                2F       2F      2A2        8       0
                text1                               CF2      CF2       1B     19E4       0
                maintext                            4F8      4F8      1AE        8       0
                cstackBANK0                          44       44       16       21       1
                clrtext                             C87      C87        8     190E       0
                inittext                            CCA      CCA       11     1994       0
                bssBANK1                             A0       A0       28       A0       1
                dataBANK0                            5A       5A        C       21       1
                bssBANK0                             21       21       23       21       1
                strings                             800      800       8E     1000       0
                idataBANK0                          CAF      CAF        C     195E       0

TOTAL           Name                               Link     Load   Length     Space
        CLASS   STACK          

        CLASS   CODE           
                end_init                             12       12        2         0
                cinit                                14       14       1B         0
                init                                  F        F        3         0
                intentry                              4        4        B         0
                reset_vec                             0        0        3         0
                text19                              E29      E29       65         0
                text18                              D97      D97       46         0
                text17                              D5B      D5B       3C         0
                text16                              6A6      6A6       F8         0
                text15                              CDB      CDB       17         0
                text14                              DDD      DDD       4C         0
                text13                              D2E      D2E       2D         0
                text12                              F40      F40       C0         0
                text11                              79E      79E       4C         0
                text10                              CBB      CBB        F         0
                text9                               C8F      C8F        A         0
                text8                               C99      C99        B         0
                text7                               CA4      CA4        B         0
                text6                               7EA      7EA       15         0
                text5                               D0D      D0D       21         0
                text4                               2D1      2D1      227         0
                text3                               E8E      E8E       B2         0
                text2                                2F       2F      2A2         0
                text1                               CF2      CF2       1B         0
                maintext                            4F8      4F8      1AE         0
                clrtext                             C87      C87        8         0
                inittext                            CCA      CCA       11         0
                idataBANK0                          CAF      CAF        C         0

        CLASS   STRCODE        

        CLASS   STRING         
                strings                             800      800       8E         0

        CLASS   CONST          

        CLASS   ENTRY          

        CLASS   BANK0          
                cstackBANK0                          44       44       16         1
                dataBANK0                            5A       5A        C         1
                bssBANK0                             21       21       23         1

        CLASS   BANK1          
                bssBANK1                             A0       A0       28         1

        CLASS   RAM            

        CLASS   ABS1           
                abs_s1                               7E       7E        2         1

        CLASS   COMMON         

        CLASS   SFR0           

        CLASS   SFR1           

        CLASS   SFR2           

        CLASS   SFR3           

        CLASS   CONFIG         
                config                             2007     2007        1         4

        CLASS   IDLOC          

        CLASS   BANK3          

        CLASS   BANK2          

        CLASS   EEDATA         



SEGMENTS        Name                           Load    Length   Top    Selector   Space  Class     Delta

                reset_vec                      000000  000003  000003         0       0  CODE        2
                intentry                       000004  0007FB  0007FF         8       0  CODE        2
                bssBANK0                       000021  000045  000066        21       1  BANK0       1
                bssBANK1                       0000A0  000028  0000C8        A0       1  BANK1       1
                strings                        000800  00008E  00088E      1000       0  STRING      2
                clrtext                        000C87  000008  000C8F      190E       0  CODE        2
                text9                          000C8F  00000A  000C99      191E       0  CODE        2
                text8                          000C99  00000B  000CA4      1932       0  CODE        2
                text7                          000CA4  00000B  000CAF      1948       0  CODE        2
                idataBANK0                     000CAF  00000C  000CBB      195E       0  CODE        2
                text10                         000CBB  00000F  000CCA      1976       0  CODE        2
                inittext                       000CCA  000011  000CDB      1994       0  CODE        2
                text15                         000CDB  000017  000CF2      19B6       0  CODE        2
                text1                          000CF2  00001B  000D0D      19E4       0  CODE        2
                text5                          000D0D  000021  000D2E      1A1A       0  CODE        2
                text13                         000D2E  00002D  000D5B      1A5C       0  CODE        2
                text17                         000D5B  00003C  000D97      1AB6       0  CODE        2
                text18                         000D97  000046  000DDD      1B2E       0  CODE        2
                text14                         000DDD  00004C  000E29      1BBA       0  CODE        2
                text19                         000E29  000065  000E8E      1C52       0  CODE        2
                text3                          000E8E  0000B2  000F40      1D1C       0  CODE        2
                text12                         000F40  0000C0  001000      1E80       0  CODE        2


UNUSED ADDRESS RANGES

        Name                Unused          Largest block    Delta
        BANK0            0066-007D             18           1
        BANK1            00C8-00FD             36           1
        CODE             0003-0003              1           2
                         07FF-07FF              1
                         088E-0C86            3F9
        CONST            0003-0003              1           2
                         07FF-07FF              1
                         088E-0C86            100
        ENTRY            0003-0003              1           2
                         07FF-07FF              1
                         088E-0C86            100
        IDLOC            2000-2003              4           2
        RAM              0066-007D             18           1
                         00C8-00FD             36
        SFR0             0000-0020             21           1
        SFR1             0080-009F             20           1
        SFR2             0100-017D             7E           1
        SFR3             0180-01FD             7E           1
        STACK            00C8-00FD             36           1
        STRCODE          0003-0003              1           2
                         07FF-07FF              1
                         088E-0C86            3F9
        STRING           0003-0003              1           2
                         07FF-07FF              1
                         088E-0C86            100

                                  Symbol Table

?___lwdiv                          cstackBANK0  0048
?___lwmod                          cstackBANK0  0048
?_strlen                           cstackBANK0  0048
_ADCON1                            (abs)        009F
_INTCONbits                        (abs)        000B
_INTE                              (abs)        005C
_INTEDG                            (abs)        040E
_INTF                              (abs)        0059
_PEIE                              (abs)        005E
_PORTA                             (abs)        0005
_PORTB                             (abs)        0006
_PORTC                             (abs)        0007
_RB1                               (abs)        0031
_RB2                               (abs)        0032
_RB3                               (abs)        0033
_RB4                               (abs)        0034
_RB5                               (abs)        0035
_RCIE                              (abs)        0465
_RCIF                              (abs)        0065
_RCSTA                             (abs)        0018
_SPBRG                             (abs)        0099
_SSPBUF                            (abs)        0013
_SSPCON                            (abs)        0014
_SSPIF                             (abs)        0063
_SSPSTAT                           (abs)        0094
_T1CON                             (abs)        0010
_TMR1H                             (abs)        000F
_TMR1IE                            (abs)        0460
_TMR1IF                            (abs)        0060
_TMR1L                             (abs)        000E
_TRISA                             (abs)        0085
_TRISB                             (abs)        0086
_TRISC                             (abs)        0087
_TXIE                              (abs)        0464
_TXIF                              (abs)        0064
_TXREG                             (abs)        0019
_TXSTA                             (abs)        0098
_WCOL                              (abs)        00A7
__Habs1                            abs1         0000
__Hbank0                           bank0        0000
__Hbank1                           bank1        0000
__Hbank2                           bank2        0000
__Hbank3                           bank3        0000
__HbssBANK0                        bssBANK0     0000
__HbssBANK1                        bssBANK1     0000
__Hcinit                           cinit        002F
__Hclrtext                         clrtext      0000
__Hcode                            code         0000
__Hcommon                          common       0000
__Hconfig                          config       2008
__HcstackBANK0                     cstackBANK0  0000
__HcstackCOMMON                    cstackCOMMON 0000
__HdataBANK0                       dataBANK0    0000
__Heeprom_data                     eeprom_data  0000
__Hend_init                        end_init     0014
__Hfunctab                         functab      0000
__HidataBANK0                      idataBANK0   0000
__Hinit                            init         0012
__Hinittext                        inittext     0000
__Hintentry                        intentry     000F
__Hmaintext                        maintext     0000
__Hpowerup                         powerup      0000
__Hram                             ram          0000
__Hreset_vec                       reset_vec    0003
__Hsfr0                            sfr0         0000
__Hsfr1                            sfr1         0000
__Hsfr2                            sfr2         0000
__Hsfr3                            sfr3         0000
__Hspace_0                         (abs)        1000
__Hspace_1                         (abs)        00C8
__Hspace_2                         (abs)        0000
__Hspace_3                         (abs)        0000
__Hspace_4                         (abs)        400F
__Hstack                           stack        0000
__Hstrings                         strings      0000
__Htext                            text         0000
__Labs1                            abs1         0000
__Lbank0                           bank0        0000
__Lbank1                           bank1        0000
__Lbank2                           bank2        0000
__Lbank3                           bank3        0000
__LbssBANK0                        bssBANK0     0000
__LbssBANK1                        bssBANK1     0000
__Lcinit                           cinit        0014
__Lclrtext                         clrtext      0000
__Lcode                            code         0000
__Lcommon                          common       0000
__Lconfig                          config       0000
__LcstackBANK0                     cstackBANK0  0000
__LcstackCOMMON                    cstackCOMMON 0000
__LdataBANK0                       dataBANK0    0000
__Leeprom_data                     eeprom_data  0000
__Lend_init                        end_init     0012
__Lfunctab                         functab      0000
__LidataBANK0                      idataBANK0   0000
__Linit                            init         000F
__Linittext                        inittext     0000
__Lintentry                        intentry     0004
__Lmaintext                        maintext     0000
__Lpowerup                         powerup      0000
__Lram                             ram          0000
__Lreset_vec                       reset_vec    0000
__Lsfr0                            sfr0         0000
__Lsfr1                            sfr1         0000
__Lsfr2                            sfr2         0000
__Lsfr3                            sfr3         0000
__Lspace_0                         (abs)        0000
__Lspace_1                         (abs)        0000
__Lspace_2                         (abs)        0000
__Lspace_3                         (abs)        0000
__Lspace_4                         (abs)        0000
__Lstack                           stack        0000
__Lstrings                         strings      0000
__Ltext                            text         0000
__S0                               (abs)        1000
__S1                               (abs)        00C8
__S2                               (abs)        0000
___bmul                            text15       0CDB
___bmul@multiplicand               cstackBANK0  0048
___bmul@multiplier                 cstackBANK0  004B
___bmul@product                    cstackBANK0  004A
___int_sp                          stack        0000
___latbits                         (abs)        0001
___lwdiv                           text18       0D97
___lwdiv@counter                   cstackBANK0  004F
___lwdiv@dividend                  cstackBANK0  004A
___lwdiv@divisor                   cstackBANK0  0048
___lwdiv@quotient                  cstackBANK0  004D
___lwmod                           text17       0D5B
___lwmod@counter                   cstackBANK0  004D
___lwmod@dividend                  cstackBANK0  004A
___lwmod@divisor                   cstackBANK0  0048
___powerdown                       (abs)        0103
___resetbits                       (abs)        0020
___sp                              stack        0000
___stackhi                         (abs)        0000
___stacklo                         (abs)        0000
___timeout                         (abs)        0104
__end_of___bmul                    text15       0CF2
__end_of___lwdiv                   text18       0DDD
__end_of___lwmod                   text17       0D97
__end_of__initialization           cinit        002C
__end_of__stringtab                strings      0806
__end_of_date_segment_coding       strings      0865
__end_of_day_segment_coding        strings      0830
__end_of_get_date_data             text16       079E
__end_of_get_day_data              text14       0E29
__end_of_get_time                  text13       0D5B
__end_of_get_time_data             text12       1000
__end_of_get_time_data_seconds     text11       07EA
__end_of_gpio_init                 text10       0CCA
__end_of_init                      text6        07FF
__end_of_init_timer_1              text9        0C99
__end_of_isr                       text19       0E8E
__end_of_main                      maintext     06A6
__end_of_make_time                 text4        04F8
__end_of_max_days                  strings      0851
__end_of_minute_gone               text3        0F40
__end_of_new_bit                   text2        02D1
__end_of_spi_init                  text8        0CA4
__end_of_strcpy                    text5        0D2E
__end_of_strlen                    text1        0D0D
__end_of_time_segment_coding       strings      085B
__end_of_uart_init                 text7        0CAF
__end_of_week_day                  strings      0845
__initialization                   cinit        0014
__pbssBANK0                        bssBANK0     0021
__pbssBANK1                        bssBANK1     00A0
__pcstackBANK0                     cstackBANK0  0044
__pcstackCOMMON                    cstackCOMMON 0000
__pdataBANK0                       dataBANK0    005A
__pidataBANK0                      idataBANK0   0CAF
__pintentry                        intentry     0004
__pmaintext                        maintext     04F8
__pstrings                         strings      0800
__ptext1                           text1        0CF2
__ptext10                          text10       0CBB
__ptext11                          text11       079E
__ptext12                          text12       0F40
__ptext13                          text13       0D2E
__ptext14                          text14       0DDD
__ptext15                          text15       0CDB
__ptext16                          text16       06A6
__ptext17                          text17       0D5B
__ptext18                          text18       0D97
__ptext19                          text19       0E29
__ptext2                           text2        002F
__ptext3                           text3        0E8E
__ptext4                           text4        02D1
__ptext5                           text5        0D0D
__ptext6                           text6        07EA
__ptext7                           text7        0CA4
__ptext8                           text8        0C99
__ptext9                           text9        0C8F
__size_of___bmul                   (abs)        0000
__size_of___lwdiv                  (abs)        0000
__size_of___lwmod                  (abs)        0000
__size_of_get_date_data            (abs)        0000
__size_of_get_day_data             (abs)        0000
__size_of_get_time                 (abs)        0000
__size_of_get_time_data            (abs)        0000
__size_of_get_time_data_seconds    (abs)        0000
__size_of_gpio_init                (abs)        0000
__size_of_init                     (abs)        0000
__size_of_init_timer_1             (abs)        0000
__size_of_isr                      (abs)        0000
__size_of_main                     (abs)        0000
__size_of_make_time                (abs)        0000
__size_of_minute_gone              (abs)        0000
__size_of_new_bit                  (abs)        0000
__size_of_spi_init                 (abs)        0000
__size_of_strcpy                   (abs)        0000
__size_of_strlen                   (abs)        0000
__size_of_uart_init                (abs)        0000
__stringbase                       strings      0805
__stringtab                        strings      0800
_bit_counter                       bssBANK0     003F
_buffer                            bssBANK1     00A0
_current_time                      dataBANK0    0060
_date_segment                      bssBANK0     0043
_date_segment_coding               strings      085B
_day_segment                       bssBANK0     0042
_day_segment_coding                strings      0806
_get_date_data                     text16       06A6
_get_day_data                      text14       0DDD
_get_time                          text13       0D2E
_get_time_data                     text12       0F40
_get_time_data_seconds             text11       079E
_gpio_init                         text10       0CBB
_in                                bssBANK0     0041
_init                              text6        07EA
_init_timer_1                      text9        0C8F
_isr                               text19       0E29
_last_one                          dataBANK0    005A
_main                              maintext     04F8
_make_time                         text4        02D1
_max_days                          strings      0845
_milli_seconds                     bssBANK0     0032
_minute_gone                       text3        0E8E
_ms_counter                        bssBANK0     0038
_new_bit                           text2        002F
_new_value                         bssBANK0     0036
_out                               bssBANK0     0040
_out_pos                           bssBANK0     003D
_parity_date                       bssBANK0     003A
_parity_hours                      bssBANK0     003B
_parity_minutes                    bssBANK0     003C
_pause                             bssBANK0     0034
_seconds                           bssBANK0     003E
_spi_buffer                        bssBANK0     0021
_spi_init                          text8        0C99
_strcpy                            text5        0D0D
_strlen                            text1        0CF2
_time_segment_coding               strings      0851
_tmp_time                          bssBANK0     002C
_uart_init                         text7        0CA4
_week_day                          strings      0830
btemp                              (abs)        007E
clear_ram0                         clrtext      0C87
end_of_initialization              cinit        002C
get_date_data@date_segment         cstackBANK0  0050
get_date_data@p_time               cstackBANK0  0055
get_date_data@value                cstackBANK0  0054
get_day_data@byte                  cstackBANK0  004D
get_day_data@data                  cstackBANK0  0053
get_day_data@day_segment           cstackBANK0  004C
get_day_data@p_time                cstackBANK0  0054
get_time@p_time                    cstackBANK0  0049
get_time_data@data                 cstackBANK0  0054
get_time_data@p_time               cstackBANK0  0055
get_time_data@time_segment         cstackBANK0  0050
get_time_data_seconds@data         cstackBANK0  0054
get_time_data_seconds@seconds      cstackBANK0  0055
get_time_data_seconds@time_segment cstackBANK0  0050
init_fetch0                        inittext     0CCA
init_ram0                          inittext     0CCE
interrupt_function                 intentry     0004
intlevel0                          functab      0000
intlevel1                          functab      0000
intlevel2                          functab      0000
intlevel3                          functab      0000
intlevel4                          functab      0000
intlevel5                          functab      0000
main@new_time                      cstackBANK0  0059
make_time@buffer                   cstackBANK0  0055
make_time@p_time                   cstackBANK0  0050
make_time@written_bytes            cstackBANK0  0056
minute_gone@bit_counter            cstackBANK0  004A
minute_gone@threshold              cstackBANK0  0049
new_bit@bit_number                 cstackBANK0  004F
new_bit@value                      cstackBANK0  004C
reset_vec                          reset_vec    0000
saved_w                            (abs)        007E
start                              init         000F
start_initialization               cinit        0014
strcpy@cp                          cstackBANK0  004A
strcpy@from                        cstackBANK0  0048
strcpy@to                          cstackBANK0  004B
strlen@cp                          cstackBANK0  004C
strlen@s                           cstackBANK0  004B
wtemp0                             (abs)        007E


MODULE INFORMATION

Module		Function		Class		Link	Load	Size
D:\Program Files\Microchip\xc8\v2.32\pic\sources\c90\common\strlen.c
		_strlen        		CODE           	0CF2	0000	27

D:\Program Files\Microchip\xc8\v2.32\pic\sources\c90\common\strlen.c estimated size: 27

D:\Program Files\Microchip\xc8\v2.32\pic\sources\c90\common\strcpy.c
		_strcpy        		CODE           	0D0D	0000	33

D:\Program Files\Microchip\xc8\v2.32\pic\sources\c90\common\strcpy.c estimated size: 33

D:\Program Files\Microchip\xc8\v2.32\pic\sources\c90\common\lwdiv.c
		___lwdiv       		CODE           	0D97	0000	70

D:\Program Files\Microchip\xc8\v2.32\pic\sources\c90\common\lwdiv.c estimated size: 70

D:\Program Files\Microchip\xc8\v2.32\pic\sources\c90\common\Umul8.c
		___bmul        		CODE           	0CDB	0000	23

D:\Program Files\Microchip\xc8\v2.32\pic\sources\c90\common\Umul8.c estimated size: 23

segment_display.c
		_get_date_data 		CODE           	06A6	0000	248
		_get_time_data_seconds		CODE           	079E	0000	76
		_get_day_data  		CODE           	0DDD	0000	76
		_get_time_data 		CODE           	0F40	0000	192

segment_display.c estimated size: 592

print_date.c
		_make_time     		CODE           	02D1	0000	551

print_date.c estimated size: 551

dcf77_decoder.c
		_minute_gone   		CODE           	0E8E	0000	178
		_new_bit       		CODE           	002F	0000	674
		_get_time      		CODE           	0D2E	0000	45

dcf77_decoder.c estimated size: 897

shared
		__stringtab    		STRING         	0800	0000	6
		_date_segment_coding		STRING         	085B	0000	10
		_time_segment_coding		STRING         	0851	0000	10
		_max_days      		STRING         	0845	0000	12
		__initialization		CODE           	0014	0000	24
		_day_segment_coding		STRING         	0806	0000	42
		_week_day      		STRING         	0830	0000	21

shared estimated size: 125

D:\Program Files\Microchip\xc8\v2.32\pic\sources\c90\common\lwmod.c
		___lwmod       		CODE           	0D5B	0000	60

D:\Program Files\Microchip\xc8\v2.32\pic\sources\c90\common\lwmod.c estimated size: 60

bsp.c
		_init          		CODE           	07EA	0000	21
		_uart_init     		CODE           	0CA4	0000	11
		_spi_init      		CODE           	0C99	0000	11
		_init_timer_1  		CODE           	0C8F	0000	10
		_gpio_init     		CODE           	0CBB	0000	15

bsp.c estimated size: 68

main.c
		_main          		CODE           	04F8	0000	430
		_isr           		CODE           	0E29	0000	101

main.c estimated size: 531

