

Microchip MPLAB XC8 Assembler V2.32 build 20210201212658 
                                                                                                           Tue Jun 01 20:20:47 2021


     1                           	processor	16F73
     2                           	pagewidth 132
     3                           	psect	code,global,class=CODE,delta=2
     4                           	psect	powerup,global,class=CODE,delta=2
     5                           	psect	reset_vec,global,class=CODE,delta=2
     6                           	psect	maintext,global,class=CODE,delta=2
     7                           	psect	eeprom_data,global,class=EEDATA,space=3,delta=2,noexec
     8                           	psect	intentry,global,class=CODE,delta=2
     9                           	psect	functab,global,class=ENTRY,delta=2
    10                           	psect	init,global,class=CODE,delta=2
    11                           	psect	cinit,global,class=CODE,delta=2
    12                           	psect	text,global,class=CODE,delta=2
    13                           	psect	end_init,global,class=CODE,delta=2
    14                           	psect	clrtext,global,class=CODE,delta=2
    15                           	psect	strings,global,reloc=256,class=CODE,delta=2
    16                           	psect	stack,global,class=STACK,space=2,delta=1,noexec
    17                           	psect	bank0,global,class=BANK0,space=1,delta=1
    18                           	psect	bank1,global,class=BANK1,space=1,delta=1
    19                           	psect	bank2,global,class=BANK2,space=1,delta=1
    20                           	psect	bank3,global,class=BANK3,space=1,delta=1
    21                           	psect	ram,global,class=RAM,space=1,delta=1
    22                           	psect	abs1,global,class=ABS1,space=1,delta=1
    23                           	psect	common,global,class=COMMON,space=1,delta=1
    24                           	psect	sfr0,global,class=SFR0,space=1,delta=1
    25                           	psect	sfr1,global,class=SFR1,space=1,delta=1
    26                           	psect	sfr2,global,class=SFR2,space=1,delta=1
    27                           	psect	sfr3,global,class=SFR3,space=1,delta=1
    28                           
    29                           	psect	reset_vec
    30  0000                     reset_vec:
    31  0000  0000               	nop	; NOP inserted due to debugger requirements
    32                           
    33                           ; No powerup routine
    34                           ; jump to start
    35  0001  118A  280F         	goto	(start& (0+2047))| (reset_vec& (0+-2048))
    36                           
    37                           	psect	maintext
    38                           
    39                           ; Microchip MPLAB XC8 C Compiler V2.32
    40                           ; Copyright (C) 2021 Microchip Technology Inc.
    41                           ; Auto-generated runtime startup code for final link stage.
    42                           ;
    43                           ; Compiler options:
    44                           ;
    45                           ; -q --opt=none --chip=16f73 --double=32 --float=32 --opt=+asmfile \
    46                           ; --addrqual=ignore -P --warn=-3 --asmlist \
    47                           ; --summary=-psect,-class,+mem,-hex,-file --output=+inhx032 \
    48                           ; --runtime=+clear --runtime=+init --runtime=+keep --runtime=-osccal \
    49                           ; --runtime=+resetbits --runtime=+resetbits --runtime=-download \
    50                           ; --runtime=-stackcall --runtime=+c90lib --std=c99 \
    51                           ; --stack=compiled:auto:auto -MOutput/DCF77_Funkuhr.map \
    52                           ; -oDCF77_Funkuhr.hex --objdir=Output --outdir=Output Output/./main.p1 \
    53                           ; Output/./segment_display.p1 Output/./print_date.p1 \
    54                           ; Output/./dcf77_decoder.p1 Output/./bsp.p1 --callgraph=none \
    55                           ; --errformat=%f:%l:%c: error: (%n) %s \
    56                           ; --warnformat=%f:%l:%c: warning: (%n) %s \
    57                           ; --msgformat=%f:%l:%c: advisory: (%n) %s
    58                           ;
    59  0000                     C	set	0
    60  0002                     Z	set	2
    61  0002                     PCL	set	2
    62  0000                     INDF	set	0
    63  000A                     
    64                           	psect	functab
    65  0000                     intlevel0:
    66  0000                     intlevel1:
    67  0000                     intlevel2:
    68  0000                     intlevel3:
    69  0000                     intlevel4:
    70  0000                     intlevel5:
    71                           
    72                           	psect	init
    73  000F                     start:
    74                           
    75                           ; Save the TO, PD bit states before they are cleared by clrwdt instruction
    76  000F  0183               	clrf	3	;select bank 0
    77  0010  0803               	movf	3,w
    78  0011  00A0               	movwf	32
    79                           
    80                           	psect	end_init
    81  0012  118A  2814         	ljmp	start_initialization	;jump to C runtime clear & initialization
    82                           
    83                           	psect	clrtext
    84  0004                     FSR	set	4
    85                           
    86                           	psect	strings
    87  0000                     
    88                           	psect	stack
    89  0000                     ___sp:
    90  0000                     ___int_sp:


Microchip Technology PIC Macro Assembler V2.32 build 20210201212658 
Symbol Table                                                                                               Tue Jun 01 20:20:47 2021

               ___sp 0000                 _main 04F8                 start 000F                STATUS 0003  
        ___resetbits 0020  start_initialization 0014          ___powerdown 0103            ___timeout 0104  
          ___stackhi 0000            ___stacklo 0000             ___int_sp 0000             intlevel0 0000  
           intlevel1 0000             intlevel2 0000             intlevel3 0000             intlevel4 0000  
           intlevel5 0000             reset_vec 0000  
